io_systemClk sampled by 
io_asyncReset sampled by 
io_memoryClk sampled by 
io_peripheralClk sampled by 
userInterruptA sampled by 
userInterruptB sampled by 
io_memoryReset clocked by io_memoryClk
io_peripheralReset clocked by io_peripheralClk
jtagCtrl_tck sampled by 
io_systemReset clocked by io_systemClk
cpu0_customInstruction_cmd_valid clocked by io_systemClk
cpu0_customInstruction_cmd_ready sampled by io_systemClk
cpu0_customInstruction_function_id clocked by io_systemClk
cpu0_customInstruction_inputs_0 clocked by io_systemClk
cpu0_customInstruction_inputs_1 clocked by io_systemClk
cpu0_customInstruction_rsp_valid sampled by io_systemClk
cpu0_customInstruction_rsp_ready clocked by io_systemClk
cpu0_customInstruction_outputs_0 sampled by io_systemClk
io_ddrA_ar_valid clocked by io_memoryClk
io_ddrA_ar_ready sampled by io_memoryClk
io_ddrA_ar_payload_addr clocked by io_memoryClk
io_ddrA_ar_payload_id clocked by io_memoryClk
io_ddrA_ar_payload_region clocked by io_memoryClk
io_ddrA_ar_payload_len clocked by io_memoryClk
io_ddrA_ar_payload_size clocked by io_memoryClk
io_ddrA_ar_payload_burst clocked by io_memoryClk
io_ddrA_ar_payload_lock clocked by io_memoryClk
io_ddrA_ar_payload_cache clocked by io_memoryClk
io_ddrA_ar_payload_qos clocked by io_memoryClk
io_ddrA_ar_payload_prot clocked by io_memoryClk
io_ddrA_aw_valid clocked by io_memoryClk
io_ddrA_aw_ready sampled by io_memoryClk
io_ddrA_aw_payload_addr clocked by io_memoryClk
io_ddrA_aw_payload_id clocked by io_memoryClk
io_ddrA_aw_payload_region clocked by io_memoryClk
io_ddrA_aw_payload_len clocked by io_memoryClk
io_ddrA_aw_payload_size clocked by io_memoryClk
io_ddrA_aw_payload_burst clocked by io_memoryClk
io_ddrA_aw_payload_lock clocked by io_memoryClk
io_ddrA_aw_payload_cache clocked by io_memoryClk
io_ddrA_aw_payload_qos clocked by io_memoryClk
io_ddrA_aw_payload_prot clocked by io_memoryClk
io_ddrA_w_valid clocked by io_memoryClk
io_ddrA_w_ready sampled by io_memoryClk
io_ddrA_w_payload_data clocked by io_memoryClk
io_ddrA_w_payload_strb clocked by io_memoryClk
io_ddrA_w_payload_last clocked by io_memoryClk
io_ddrA_r_valid sampled by io_memoryClk
io_ddrA_r_ready clocked by io_memoryClk
io_ddrA_r_payload_data sampled by io_memoryClk
io_ddrA_r_payload_id sampled by io_memoryClk
io_ddrA_r_payload_resp sampled by io_memoryClk
io_ddrA_r_payload_last sampled by io_memoryClk
io_ddrA_b_valid sampled by io_memoryClk
io_ddrA_b_ready clocked by io_memoryClk
io_ddrA_b_payload_id sampled by io_memoryClk
io_ddrA_b_payload_resp sampled by io_memoryClk
system_uart_0_io_txd clocked by io_peripheralClk
system_uart_0_io_rxd sampled by 
system_i2c_0_io_sda_write clocked by io_peripheralClk
system_i2c_0_io_sda_read sampled by 
system_i2c_0_io_scl_write clocked by io_peripheralClk
system_i2c_0_io_scl_read sampled by 
io_apbSlave_0_PADDR clocked by io_peripheralClk
io_apbSlave_0_PSEL clocked by io_peripheralClk
io_apbSlave_0_PENABLE clocked by io_peripheralClk
io_apbSlave_0_PREADY sampled by io_peripheralClk
io_apbSlave_0_PWRITE clocked by io_peripheralClk
io_apbSlave_0_PWDATA clocked by io_peripheralClk
io_apbSlave_0_PRDATA sampled by io_peripheralClk
io_apbSlave_0_PSLVERROR sampled by io_peripheralClk
io_apbSlave_1_PADDR clocked by io_peripheralClk
io_apbSlave_1_PSEL clocked by io_peripheralClk
io_apbSlave_1_PENABLE clocked by io_peripheralClk
io_apbSlave_1_PREADY sampled by io_peripheralClk
io_apbSlave_1_PWRITE clocked by io_peripheralClk
io_apbSlave_1_PWDATA clocked by io_peripheralClk
io_apbSlave_1_PRDATA sampled by io_peripheralClk
io_apbSlave_1_PSLVERROR sampled by io_peripheralClk
system_spi_0_io_sclk_write clocked by io_peripheralClk
system_spi_0_io_data_0_writeEnable clocked by io_peripheralClk
system_spi_0_io_data_0_read sampled by io_peripheralClk
system_spi_0_io_data_0_write clocked by io_peripheralClk
system_spi_0_io_data_1_writeEnable clocked by io_peripheralClk
system_spi_0_io_data_1_read sampled by io_peripheralClk
system_spi_0_io_data_1_write clocked by io_peripheralClk
system_spi_0_io_data_2_writeEnable clocked by io_peripheralClk
system_spi_0_io_data_2_read sampled by io_peripheralClk
system_spi_0_io_data_2_write clocked by io_peripheralClk
system_spi_0_io_data_3_writeEnable clocked by io_peripheralClk
system_spi_0_io_data_3_read sampled by io_peripheralClk
system_spi_0_io_data_3_write clocked by io_peripheralClk
system_spi_0_io_ss clocked by io_peripheralClk
system_spi_1_io_sclk_write clocked by io_peripheralClk
system_spi_1_io_data_0_writeEnable clocked by io_peripheralClk
system_spi_1_io_data_0_read sampled by io_peripheralClk
system_spi_1_io_data_0_write clocked by io_peripheralClk
system_spi_1_io_data_1_writeEnable clocked by io_peripheralClk
system_spi_1_io_data_1_read sampled by io_peripheralClk
system_spi_1_io_data_1_write clocked by io_peripheralClk
system_spi_1_io_data_2_writeEnable clocked by io_peripheralClk
system_spi_1_io_data_2_read sampled by io_peripheralClk
system_spi_1_io_data_2_write clocked by io_peripheralClk
system_spi_1_io_data_3_writeEnable clocked by io_peripheralClk
system_spi_1_io_data_3_read sampled by io_peripheralClk
system_spi_1_io_data_3_write clocked by io_peripheralClk
system_spi_1_io_ss clocked by io_peripheralClk
jtagCtrl_tdi sampled by jtagCtrl_tck
jtagCtrl_enable sampled by jtagCtrl_tck
jtagCtrl_capture sampled by jtagCtrl_tck
jtagCtrl_shift sampled by jtagCtrl_tck
jtagCtrl_update sampled by jtagCtrl_tck
jtagCtrl_reset sampled by jtagCtrl_tck
jtagCtrl_tdo clocked by jtagCtrl_tck
